#!/bin/bash

tar xvzf third-party/virtualenv-12.0.7.tar.gz -C third-party

python third-party/virtualenv-12.0.7/virtualenv.py presto-admin-install

source presto-admin-install/bin/activate
pip install --no-index --find-links=third-party wheel_name.whl
deactivate